// Jest Snapshot v1, https://goo.gl/fbAQLP

exports[`MoviePageOverview component tests Component render correctly 1`] = `
Array [
  <div
    className="movie-rating"
  >
    <div
      className="movie-rating__score"
    >
      3,3
    </div>
    <p
      className="movie-rating__meta"
    >
      <span
        className="movie-rating__level"
      >
        Normal
      </span>
      <span
        className="movie-rating__count"
      >
        48798
         ratings
      </span>
    </p>
  </div>,
  <div
    className="movie-card__text"
  >
    <p>
      Macbeth, the Thane of Glamis, receives a prophecy from a trio of witches that one day he will become King of Scotland. Consumed by ambition and spurred to action by his wife, Macbeth murders his king and takes the throne for himself.
    </p>
    <p
      className="movie-card__director"
    >
      <strong>
        Director: 
        Justin Kurzel
      </strong>
    </p>
    <p
      className="movie-card__starring"
    >
      <strong>
        Starring: 
        Michael Fassbender, Marion Cotillard, Jack Madigan
         and other
      </strong>
    </p>
  </div>,
]
`;
