// Jest Snapshot v1, https://goo.gl/fbAQLP

exports[`PrivateRoute component tests Component render correctly 1`] = `
<Route
  render={[Function]}
/>
`;
