// Jest Snapshot v1, https://goo.gl/fbAQLP

exports[`Loader component tests Component render correctly 1`] = `
<div
  style={
    Object {
      "fontSize": "2em",
      "margin": "0 auto",
      "textTransform": "uppercase",
    }
  }
>
  Загрузка...
</div>
`;
