// Jest Snapshot v1, https://goo.gl/fbAQLP

exports[`MyList component tests Component render correctly 1`] = `
<div
  className="user-page"
>
  <header
    className="page-header user-page__head"
  >
    <div
      className="logo"
    >
      <Link
        className="logo__link logo__link--light"
        style={
          Object {
            "borderColor": "unset",
            "color": "unset",
          }
        }
        to="/"
      >
        <span
          className="logo__letter logo__letter--1"
        >
          W
        </span>
        <span
          className="logo__letter logo__letter--2"
        >
          T
        </span>
        <span
          className="logo__letter logo__letter--3"
        >
          W
        </span>
      </Link>
    </div>
    <h1
      className="page-title user-page__title"
    >
      My list
    </h1>
    <user-block />
  </header>
  <section
    className="catalog"
  >
    <h2
      className="catalog__title visually-hidden"
    >
      Catalog
    </h2>
    <movies-list
      activeItem={null}
      onChangeActiveItem={[Function]}
    />
  </section>
  <footer
    className="page-footer"
  >
    <div
      className="logo"
    >
      <Link
        className="logo__link logo__link--light"
        style={
          Object {
            "borderColor": "unset",
            "color": "unset",
          }
        }
        to="/"
      >
        <span
          className="logo__letter logo__letter--1"
        >
          W
        </span>
        <span
          className="logo__letter logo__letter--2"
        >
          T
        </span>
        <span
          className="logo__letter logo__letter--3"
        >
          W
        </span>
      </Link>
    </div>
    <div
      className="copyright"
    >
      <p>
        Â© 2019 What to watch Ltd.
      </p>
    </div>
  </footer>
</div>
`;
