// Jest Snapshot v1, https://goo.gl/fbAQLP

exports[`MoviesList component render correctly 1`] = `
<div
  className="catalog__movies-list"
>
  <article
    className="small-movie-card catalog__movies-card"
  >
    <div
      className="small-movie-card__image"
    >
      <img
        alt="Macbeth"
        height="175"
        src="https://es31-server.appspot.com/wtw/static/film/preview/macbeth.jpg"
        width="280"
      />
    </div>
    <h3
      className="small-movie-card__title"
    >
      <a
        className="small-movie-card__link"
        href="/films#1"
        onMouseEnter={[Function]}
      >
        Macbeth
      </a>
    </h3>
  </article>
  <article
    className="small-movie-card catalog__movies-card"
  >
    <div
      className="small-movie-card__image"
    >
      <img
        alt="Once Upon a Time in America"
        height="175"
        src="https://es31-server.appspot.com/wtw/static/film/preview/Once_Upon_a_Time_in_America.jpg"
        width="280"
      />
    </div>
    <h3
      className="small-movie-card__title"
    >
      <a
        className="small-movie-card__link"
        href="/films#2"
        onMouseEnter={[Function]}
      >
        Once Upon a Time in America
      </a>
    </h3>
  </article>
  <article
    className="small-movie-card catalog__movies-card"
  >
    <div
      className="small-movie-card__image"
    >
      <img
        alt="We need to talk about Kevin"
        height="175"
        src="https://es31-server.appspot.com/wtw/static/film/preview/we-need-to-talk-about-kevin.jpg"
        width="280"
      />
    </div>
    <h3
      className="small-movie-card__title"
    >
      <a
        className="small-movie-card__link"
        href="/films#3"
        onMouseEnter={[Function]}
      >
        We need to talk about Kevin
      </a>
    </h3>
  </article>
  <article
    className="small-movie-card catalog__movies-card"
  >
    <div
      className="small-movie-card__image"
    >
      <img
        alt="Dardjeeling Limited"
        height="175"
        src="https://es31-server.appspot.com/wtw/static/film/preview/dardjeeling_limited.jpg"
        width="280"
      />
    </div>
    <h3
      className="small-movie-card__title"
    >
      <a
        className="small-movie-card__link"
        href="/films#4"
        onMouseEnter={[Function]}
      >
        Dardjeeling Limited
      </a>
    </h3>
  </article>
  <article
    className="small-movie-card catalog__movies-card"
  >
    <div
      className="small-movie-card__image"
    >
      <img
        alt="War of the Worlds"
        height="175"
        src="https://es31-server.appspot.com/wtw/static/film/preview/war-of-the-worlds.jpg"
        width="280"
      />
    </div>
    <h3
      className="small-movie-card__title"
    >
      <a
        className="small-movie-card__link"
        href="/films#5"
        onMouseEnter={[Function]}
      >
        War of the Worlds
      </a>
    </h3>
  </article>
  <article
    className="small-movie-card catalog__movies-card"
  >
    <div
      className="small-movie-card__image"
    >
      <img
        alt="Aviator"
        height="175"
        src="https://es31-server.appspot.com/wtw/static/film/preview/aviator.jpg"
        width="280"
      />
    </div>
    <h3
      className="small-movie-card__title"
    >
      <a
        className="small-movie-card__link"
        href="/films#6"
        onMouseEnter={[Function]}
      >
        Aviator
      </a>
    </h3>
  </article>
  <article
    className="small-movie-card catalog__movies-card"
  >
    <div
      className="small-movie-card__image"
    >
      <img
        alt="Beach"
        height="175"
        src="https://es31-server.appspot.com/wtw/static/film/preview/beach.jpg"
        width="280"
      />
    </div>
    <h3
      className="small-movie-card__title"
    >
      <a
        className="small-movie-card__link"
        href="/films#7"
        onMouseEnter={[Function]}
      >
        Beach
      </a>
    </h3>
  </article>
  <article
    className="small-movie-card catalog__movies-card"
  >
    <div
      className="small-movie-card__image"
    >
      <img
        alt="A Star Is Born"
        height="175"
        src="https://es31-server.appspot.com/wtw/static/film/preview/A_Star_Is_Born.jpg"
        width="280"
      />
    </div>
    <h3
      className="small-movie-card__title"
    >
      <a
        className="small-movie-card__link"
        href="/films#8"
        onMouseEnter={[Function]}
      >
        A Star Is Born
      </a>
    </h3>
  </article>
  <article
    className="small-movie-card catalog__movies-card"
  >
    <div
      className="small-movie-card__image"
    >
      <img
        alt="Midnight Special"
        height="175"
        src="https://es31-server.appspot.com/wtw/static/film/preview/midnight-special.jpg"
        width="280"
      />
    </div>
    <h3
      className="small-movie-card__title"
    >
      <a
        className="small-movie-card__link"
        href="/films#9"
        onMouseEnter={[Function]}
      >
        Midnight Special
      </a>
    </h3>
  </article>
  <article
    className="small-movie-card catalog__movies-card"
  >
    <div
      className="small-movie-card__image"
    >
      <img
        alt="Matrix"
        height="175"
        src="https://es31-server.appspot.com/wtw/static/film/preview/matrix.jpg"
        width="280"
      />
    </div>
    <h3
      className="small-movie-card__title"
    >
      <a
        className="small-movie-card__link"
        href="/films#10"
        onMouseEnter={[Function]}
      >
        Matrix
      </a>
    </h3>
  </article>
  <article
    className="small-movie-card catalog__movies-card"
  >
    <div
      className="small-movie-card__image"
    >
      <img
        alt="What We Do in the Shadows"
        height="175"
        src="https://es31-server.appspot.com/wtw/static/film/preview/what-we-do-in-the-shadows.jpg"
        width="280"
      />
    </div>
    <h3
      className="small-movie-card__title"
    >
      <a
        className="small-movie-card__link"
        href="/films#11"
        onMouseEnter={[Function]}
      >
        What We Do in the Shadows
      </a>
    </h3>
  </article>
  <article
    className="small-movie-card catalog__movies-card"
  >
    <div
      className="small-movie-card__image"
    >
      <img
        alt="Johnny English"
        height="175"
        src="https://es31-server.appspot.com/wtw/static/film/preview/johnny-english.jpg"
        width="280"
      />
    </div>
    <h3
      className="small-movie-card__title"
    >
      <a
        className="small-movie-card__link"
        href="/films#12"
        onMouseEnter={[Function]}
      >
        Johnny English
      </a>
    </h3>
  </article>
  <article
    className="small-movie-card catalog__movies-card"
  >
    <div
      className="small-movie-card__image"
    >
      <img
        alt="Pulp Fiction"
        height="175"
        src="https://es31-server.appspot.com/wtw/static/film/preview/pulp-fiction.jpg"
        width="280"
      />
    </div>
    <h3
      className="small-movie-card__title"
    >
      <a
        className="small-movie-card__link"
        href="/films#13"
        onMouseEnter={[Function]}
      >
        Pulp Fiction
      </a>
    </h3>
  </article>
  <article
    className="small-movie-card catalog__movies-card"
  >
    <div
      className="small-movie-card__image"
    >
      <img
        alt="Legend"
        height="175"
        src="https://es31-server.appspot.com/wtw/static/film/preview/legend.jpg"
        width="280"
      />
    </div>
    <h3
      className="small-movie-card__title"
    >
      <a
        className="small-movie-card__link"
        href="/films#14"
        onMouseEnter={[Function]}
      >
        Legend
      </a>
    </h3>
  </article>
  <article
    className="small-movie-card catalog__movies-card"
  >
    <div
      className="small-movie-card__image"
    >
      <img
        alt="Moonrise Kingdom"
        height="175"
        src="https://es31-server.appspot.com/wtw/static/film/preview/moonrise-kingdom.jpg"
        width="280"
      />
    </div>
    <h3
      className="small-movie-card__title"
    >
      <a
        className="small-movie-card__link"
        href="/films#15"
        onMouseEnter={[Function]}
      >
        Moonrise Kingdom
      </a>
    </h3>
  </article>
  <article
    className="small-movie-card catalog__movies-card"
  >
    <div
      className="small-movie-card__image"
    >
      <img
        alt="Fantastic Beasts: The Crimes of Grindelwald"
        height="175"
        src="https://es31-server.appspot.com/wtw/static/film/preview/fantastic-beasts-the-crimes-of-grindelwald.jpg"
        width="280"
      />
    </div>
    <h3
      className="small-movie-card__title"
    >
      <a
        className="small-movie-card__link"
        href="/films#16"
        onMouseEnter={[Function]}
      >
        Fantastic Beasts: The Crimes of Grindelwald
      </a>
    </h3>
  </article>
  <article
    className="small-movie-card catalog__movies-card"
  >
    <div
      className="small-movie-card__image"
    >
      <img
        alt="Shutter Island"
        height="175"
        src="https://es31-server.appspot.com/wtw/static/film/preview/shutter-island.jpg"
        width="280"
      />
    </div>
    <h3
      className="small-movie-card__title"
    >
      <a
        className="small-movie-card__link"
        href="/films#17"
        onMouseEnter={[Function]}
      >
        Shutter Island
      </a>
    </h3>
  </article>
  <article
    className="small-movie-card catalog__movies-card"
  >
    <div
      className="small-movie-card__image"
    >
      <img
        alt="Gangs of new york"
        height="175"
        src="https://es31-server.appspot.com/wtw/static/film/preview/gangs_of_new_york.jpg"
        width="280"
      />
    </div>
    <h3
      className="small-movie-card__title"
    >
      <a
        className="small-movie-card__link"
        href="/films#18"
        onMouseEnter={[Function]}
      >
        Gangs of new york
      </a>
    </h3>
  </article>
  <article
    className="small-movie-card catalog__movies-card"
  >
    <div
      className="small-movie-card__image"
    >
      <img
        alt="The Revenant"
        height="175"
        src="https://es31-server.appspot.com/wtw/static/film/preview/revenant.jpg"
        width="280"
      />
    </div>
    <h3
      className="small-movie-card__title"
    >
      <a
        className="small-movie-card__link"
        href="/films#19"
        onMouseEnter={[Function]}
      >
        The Revenant
      </a>
    </h3>
  </article>
  <article
    className="small-movie-card catalog__movies-card"
  >
    <div
      className="small-movie-card__image"
    >
      <img
        alt="Seven Years in Tibet"
        height="175"
        src="https://es31-server.appspot.com/wtw/static/film/preview/seven-years-in-tibet.jpg"
        width="280"
      />
    </div>
    <h3
      className="small-movie-card__title"
    >
      <a
        className="small-movie-card__link"
        href="/films#20"
        onMouseEnter={[Function]}
      >
        Seven Years in Tibet
      </a>
    </h3>
  </article>
  <article
    className="small-movie-card catalog__movies-card"
  >
    <div
      className="small-movie-card__image"
    >
      <img
        alt="Bronson"
        height="175"
        src="https://es31-server.appspot.com/wtw/static/film/preview/bronson.jpg"
        width="280"
      />
    </div>
    <h3
      className="small-movie-card__title"
    >
      <a
        className="small-movie-card__link"
        href="/films#21"
        onMouseEnter={[Function]}
      >
        Bronson
      </a>
    </h3>
  </article>
  <article
    className="small-movie-card catalog__movies-card"
  >
    <div
      className="small-movie-card__image"
    >
      <img
        alt="Orlando"
        height="175"
        src="https://es31-server.appspot.com/wtw/static/film/preview/orlando.jpg"
        width="280"
      />
    </div>
    <h3
      className="small-movie-card__title"
    >
      <a
        className="small-movie-card__link"
        href="/films#22"
        onMouseEnter={[Function]}
      >
        Orlando
      </a>
    </h3>
  </article>
  <article
    className="small-movie-card catalog__movies-card"
  >
    <div
      className="small-movie-card__image"
    >
      <img
        alt="No Country for Old Men"
        height="175"
        src="https://es31-server.appspot.com/wtw/static/film/preview/no-country-for-old-men.jpg"
        width="280"
      />
    </div>
    <h3
      className="small-movie-card__title"
    >
      <a
        className="small-movie-card__link"
        href="/films#23"
        onMouseEnter={[Function]}
      >
        No Country for Old Men
      </a>
    </h3>
  </article>
  <article
    className="small-movie-card catalog__movies-card"
  >
    <div
      className="small-movie-card__image"
    >
      <img
        alt="Snatch"
        height="175"
        src="https://es31-server.appspot.com/wtw/static/film/preview/snatch.jpg"
        width="280"
      />
    </div>
    <h3
      className="small-movie-card__title"
    >
      <a
        className="small-movie-card__link"
        href="/films#24"
        onMouseEnter={[Function]}
      >
        Snatch
      </a>
    </h3>
  </article>
  <article
    className="small-movie-card catalog__movies-card"
  >
    <div
      className="small-movie-card__image"
    >
      <img
        alt="Bohemian Rhapsody"
        height="175"
        src="https://es31-server.appspot.com/wtw/static/film/preview/bohemian_rhapsody.jpg"
        width="280"
      />
    </div>
    <h3
      className="small-movie-card__title"
    >
      <a
        className="small-movie-card__link"
        href="/films#25"
        onMouseEnter={[Function]}
      >
        Bohemian Rhapsody
      </a>
    </h3>
  </article>
</div>
`;
