// Jest Snapshot v1, https://goo.gl/fbAQLP

exports[`AddReview component tests Component render correctly 1`] = `
<section
  className="movie-card movie-card--full"
>
  <div
    className="movie-card__header"
  >
    <div
      className="movie-card__bg"
    >
      <img
        alt="Macbeth"
        src="https://es31-server.appspot.com/wtw/static/film/background/Macbeth.jpg"
      />
    </div>
    <h1
      className="visually-hidden"
    >
      WTW
    </h1>
    <page-header
      breadcrumbs={true}
      film={
        Film {
          "backgroundColor": "#F1E9CE",
          "backgroundImage": "https://es31-server.appspot.com/wtw/static/film/background/Macbeth.jpg",
          "description": "Macbeth, the Thane of Glamis, receives a prophecy from a trio of witches that one day he will become King of Scotland. Consumed by ambition and spurred to action by his wife, Macbeth murders his king and takes the throne for himself.",
          "director": "Justin Kurzel",
          "genre": "Drama",
          "id": 1,
          "isFavorite": false,
          "name": "Macbeth",
          "posterImage": "https://es31-server.appspot.com/wtw/static/film/poster/Macbeth.jpg",
          "previewImage": "https://es31-server.appspot.com/wtw/static/film/preview/macbeth.jpg",
          "previewVideoLink": "https://download.blender.org/durian/trailer/sintel_trailer-480p.mp4",
          "rating": 3.3,
          "released": 2015,
          "runTime": 113,
          "scoresCount": 48798,
          "starring": Array [
            "Michael Fassbender",
            "Marion Cotillard",
            "Jack Madigan",
          ],
          "videoLink": "http://peach.themazzone.com/durian/movies/sintel-1024-surround.mp4",
        }
      }
    />
    <div
      className="movie-card__poster movie-card__poster--small"
    >
      <img
        alt="Macbeth poster"
        height="327"
        src="https://es31-server.appspot.com/wtw/static/film/poster/Macbeth.jpg"
        width="218"
      />
    </div>
  </div>
  <div
    className="add-review"
  >
    <form
      action="#"
      className="add-review__form"
      onChange={[Function]}
      onSubmit={[Function]}
    >
      <div
        className="rating"
      >
        <div
          className="rating__stars"
        >
          <input
            className="rating__input"
            id="star-0"
            name="rating"
            type="radio"
            value={1}
          />
          <label
            className="rating__label"
            htmlFor="star-0"
          >
            Rating $
            0
          </label>
          <input
            className="rating__input"
            id="star-1"
            name="rating"
            type="radio"
            value={2}
          />
          <label
            className="rating__label"
            htmlFor="star-1"
          >
            Rating $
            1
          </label>
          <input
            className="rating__input"
            id="star-2"
            name="rating"
            type="radio"
            value={3}
          />
          <label
            className="rating__label"
            htmlFor="star-2"
          >
            Rating $
            2
          </label>
          <input
            className="rating__input"
            id="star-3"
            name="rating"
            type="radio"
            value={4}
          />
          <label
            className="rating__label"
            htmlFor="star-3"
          >
            Rating $
            3
          </label>
          <input
            className="rating__input"
            id="star-4"
            name="rating"
            type="radio"
            value={5}
          />
          <label
            className="rating__label"
            htmlFor="star-4"
          >
            Rating $
            4
          </label>
        </div>
      </div>
      <div
        className="add-review__text"
      >
        <textarea
          className="add-review__textarea"
          id="review-text"
          name="review-text"
          placeholder="Review text"
        />
        <div
          className="add-review__submit"
        />
      </div>
    </form>
  </div>
</section>
`;
