// Jest Snapshot v1, https://goo.gl/fbAQLP

exports[`PageHeader component tests Component render correctly 1`] = `
<header
  className="page-header movie-card__head"
>
  <div
    className="logo"
  >
    <Link
      className="logo__link"
      to="/"
    >
      <span
        className="logo__letter logo__letter--1"
      >
        W
      </span>
      <span
        className="logo__letter logo__letter--2"
      >
        T
      </span>
      <span
        className="logo__letter logo__letter--3"
      >
        W
      </span>
    </Link>
  </div>
  <div
    className="user-block"
  >
    <Link
      to="/login"
    >
      Sign In
    </Link>
  </div>
</header>
`;
