// Jest Snapshot v1, https://goo.gl/fbAQLP

exports[`SmallMovieCard component render correctly 1`] = `
<article
  className="small-movie-card catalog__movies-card"
  onMouseEnter={[Function]}
  onMouseLeave={[Function]}
>
  <div
    className="small-movie-card__image"
  >
    <video
      height="175"
      width="280"
    />
  </div>
  <h3
    className="small-movie-card__title"
  >
    <a
      className="small-movie-card__link"
      href="/films#1"
    >
      Macbeth
    </a>
  </h3>
</article>
`;
