// Jest Snapshot v1, https://goo.gl/fbAQLP

exports[`MovieCardHero component tests Component render correctly 1`] = `
<div
  className="movie-card__hero"
>
  <div
    className="movie-card__bg"
  >
    <img
      alt="Macbeth"
      src="https://es31-server.appspot.com/wtw/static/film/background/Macbeth.jpg"
    />
  </div>
  <h1
    className="visually-hidden"
  >
    WTW
  </h1>
  <page-header />
  <div
    className="movie-card__wrap"
  >
    <div
      className="movie-card__desc"
    >
      <h2
        className="movie-card__title"
      >
        Macbeth
      </h2>
      <p
        className="movie-card__meta"
      >
        <span
          className="movie-card__genre"
        >
          Drama
        </span>
        <span
          className="movie-card__year"
        >
          2015
        </span>
      </p>
      <div
        className="movie-card__buttons"
      >
        <button
          className="btn btn--play movie-card__button"
          onClick={[Function]}
          type="button"
        >
          <svg
            height="19"
            viewBox="0 0 19 19"
            width="19"
          >
            <use
              xlinkHref="#play-s"
            />
          </svg>
          <span>
            Play
          </span>
        </button>
        <button
          className="btn btn--list movie-card__button"
          onClick={[Function]}
          type="button"
        >
          <svg
            height="20"
            viewBox="0 0 19 20"
            width="19"
          >
            <use
              xlinkHref="#add"
            />
          </svg>
          <span>
            My list
          </span>
        </button>
      </div>
    </div>
  </div>
</div>
`;
