// Jest Snapshot v1, https://goo.gl/fbAQLP

exports[`Logo component tests Component render correctly 1`] = `
<div
  className="logo"
>
  <Link
    className="logo__link logo__link--light"
    style={
      Object {
        "borderColor": "unset",
        "color": "unset",
      }
    }
    to="/"
  >
    <span
      className="logo__letter logo__letter--1"
    >
      W
    </span>
    <span
      className="logo__letter logo__letter--2"
    >
      T
    </span>
    <span
      className="logo__letter logo__letter--3"
    >
      W
    </span>
  </Link>
</div>
`;
